#
# There is insufficient memory for the Java Runtime Environment to continue.
# Native memory allocation (mmap) failed to map 165675008 bytes for G1 virtual space
# Possible reasons:
#   The system is out of physical RAM or swap space
#   The process is running with CompressedOops enabled, and the Java Heap may be blocking the growth of the native heap
# Possible solutions:
#   Reduce memory load on the system
#   Increase physical memory or swap space
#   Check if swap backing store is full
#   Decrease Java heap size (-Xmx/-Xms)
#   Decrease number of Java threads
#   Decrease Java thread stack sizes (-Xss)
#   Set larger code cache with -XX:ReservedCodeCacheSize=
#   JVM is running with Zero Based Compressed Oops mode in which the Java heap is
#     placed in the first 32GB address space. The Java Heap base address is the
#     maximum limit for the native heap growth. Please use -XX:HeapBaseMinAddress
#     to set the Java Heap base and to place the Java Heap above 32GB virtual address.
# This output file may be truncated or incomplete.
#
#  Out of Memory Error (os_windows.cpp:3613), pid=7424, tid=45448
#
# JRE version:  (17.0.9+9) (build )
# Java VM: OpenJDK 64-Bit Server VM (17.0.9+9, mixed mode, sharing, tiered, compressed oops, compressed class ptrs, g1 gc, windows-amd64)
# No core dump will be written. Minidumps are not enabled by default on client versions of Windows
#

---------------  S U M M A R Y ------------

Command Line: 

Host: AMD Ryzen 7 5700U with Radeon Graphics         , 16 cores, 9G,  Windows 10 , 64 bit Build 19041 (10.0.19041.5915)
Time: Thu Aug  7 02:50:24 2025 Mountain Daylight Time elapsed time: 0.056584 seconds (0d 0h 0m 0s)

---------------  T H R E A D  ---------------

Current thread (0x000002761755fbf0):  JavaThread "Unknown thread" [_thread_in_vm, id=45448, stack(0x000000b9f6100000,0x000000b9f6200000)]

Stack: [0x000000b9f6100000,0x000000b9f6200000]
Native frames: (J=compiled Java code, j=interpreted, Vv=VM code, C=native code)
V  [jvm.dll+0x67cf49]
V  [jvm.dll+0x83478a]
V  [jvm.dll+0x83624e]
V  [jvm.dll+0x8368b3]
V  [jvm.dll+0x247f1f]
V  [jvm.dll+0x679d69]
V  [jvm.dll+0x66e6ba]
V  [jvm.dll+0x307e5b]
V  [jvm.dll+0x30f306]
V  [jvm.dll+0x35f0ce]
V  [jvm.dll+0x35f2ff]
V  [jvm.dll+0x2dea58]
V  [jvm.dll+0x2df9c4]
V  [jvm.dll+0x806031]
V  [jvm.dll+0x36cf31]
V  [jvm.dll+0x7e4aac]
V  [jvm.dll+0x3f07af]
V  [jvm.dll+0x3f23e1]
C  [jli.dll+0x528f]
C  [ucrtbase.dll+0x21bb2]
C  [KERNEL32.DLL+0x17374]
C  [ntdll.dll+0x4cc91]


---------------  P R O C E S S  ---------------

Threads class SMR info:
_java_thread_list=0x00007ffba152ee98, length=0, elements={
}

Java Threads: ( => current thread )

Other Threads:
  0x00000276175aefd0 GCTaskThread "GC Thread#0" [stack: 0x000000b9f6200000,0x000000b9f6300000] [id=3480]
  0x00000276175ba350 ConcurrentGCThread "G1 Main Marker" [stack: 0x000000b9f6300000,0x000000b9f6400000] [id=23744]
  0x00000276175bac70 ConcurrentGCThread "G1 Conc#0" [stack: 0x000000b9f6400000,0x000000b9f6500000] [id=24868]

[error occurred during error reporting (printing all threads), id 0xc0000005, EXCEPTION_ACCESS_VIOLATION (0xc0000005) at pc=0x00007ffba0cef497]

VM state: not at safepoint (not fully initialized)

VM Mutex/Monitor currently owned by a thread:  ([mutex/lock_event])
[0x000002761755b650] Heap_lock - owner thread: 0x000002761755fbf0

Heap address: 0x0000000762600000, size: 2522 MB, Compressed Oops mode: Zero based, Oop shift amount: 3

CDS archive(s) mapped at: [0x0000000000000000-0x0000000000000000-0x0000000000000000), size 0, SharedBaseAddress: 0x0000000800000000, ArchiveRelocationMode: 1.
Narrow klass base: 0x0000000000000000, Narrow klass shift: 0, Narrow klass range: 0x0

GC Precious Log:
<Empty>

Heap:
 garbage-first heap   total 0K, used 0K [0x0000000762600000, 0x0000000800000000)
  region size 2048K, 0 young (0K), 0 survivors (0K)

[error occurred during error reporting (printing heap information), id 0xc0000005, EXCEPTION_ACCESS_VIOLATION (0xc0000005) at pc=0x00007ffba10d6c79]

GC Heap History (0 events):
No events

Dll operation events (1 events):
Event: 0.032 Loaded shared library C:\Program Files\Unity\Hub\Editor\6000.1.3f1\Editor\Data\PlaybackEngines\AndroidPlayer\OpenJDK\bin\java.dll

Deoptimization events (0 events):
No events

Classes unloaded (0 events):
No events

Classes redefined (0 events):
No events

Internal exceptions (0 events):
No events

VM Operations (0 events):
No events

Events (0 events):
No events


Dynamic libraries:
0x00007ff769720000 - 0x00007ff76972e000 	C:\Program Files\Unity\Hub\Editor\6000.1.3f1\Editor\Data\PlaybackEngines\AndroidPlayer\OpenJDK\bin\java.exe
0x00007ffc1fcf0000 - 0x00007ffc1fee8000 	C:\Windows\SYSTEM32\ntdll.dll
0x00007ffc1e0b0000 - 0x00007ffc1e172000 	C:\Windows\System32\KERNEL32.DLL
0x00007ffc1d700000 - 0x00007ffc1d9f6000 	C:\Windows\System32\KERNELBASE.dll
0x00007ffc1d3d0000 - 0x00007ffc1d4d0000 	C:\Windows\System32\ucrtbase.dll
0x00007ffc1b0a0000 - 0x00007ffc1b0b7000 	C:\Program Files\Unity\Hub\Editor\6000.1.3f1\Editor\Data\PlaybackEngines\AndroidPlayer\OpenJDK\bin\jli.dll
0x00007ffc1b080000 - 0x00007ffc1b09b000 	C:\Program Files\Unity\Hub\Editor\6000.1.3f1\Editor\Data\PlaybackEngines\AndroidPlayer\OpenJDK\bin\VCRUNTIME140.dll
0x00007ffc1f6b0000 - 0x00007ffc1f84d000 	C:\Windows\System32\USER32.dll
0x00007ffc1dce0000 - 0x00007ffc1dd02000 	C:\Windows\System32\win32u.dll
0x00007ffc1f2d0000 - 0x00007ffc1f2fb000 	C:\Windows\System32\GDI32.dll
0x00007ffc107b0000 - 0x00007ffc10a4a000 	C:\Windows\WinSxS\amd64_microsoft.windows.common-controls_6595b64144ccf1df_6.0.19041.5915_none_60b4b9d171f9c7c7\COMCTL32.dll
0x00007ffc1d4d0000 - 0x00007ffc1d5e9000 	C:\Windows\System32\gdi32full.dll
0x00007ffc1ece0000 - 0x00007ffc1ed7e000 	C:\Windows\System32\msvcrt.dll
0x00007ffc1dab0000 - 0x00007ffc1db4d000 	C:\Windows\System32\msvcp_win.dll
0x00007ffc1f8b0000 - 0x00007ffc1f8df000 	C:\Windows\System32\IMM32.DLL
0x00007ffc1b110000 - 0x00007ffc1b11c000 	C:\Program Files\Unity\Hub\Editor\6000.1.3f1\Editor\Data\PlaybackEngines\AndroidPlayer\OpenJDK\bin\vcruntime140_1.dll
0x00007ffc07ee0000 - 0x00007ffc07f6d000 	C:\Program Files\Unity\Hub\Editor\6000.1.3f1\Editor\Data\PlaybackEngines\AndroidPlayer\OpenJDK\bin\msvcp140.dll
0x00007ffba0a00000 - 0x00007ffba1661000 	C:\Program Files\Unity\Hub\Editor\6000.1.3f1\Editor\Data\PlaybackEngines\AndroidPlayer\OpenJDK\bin\server\jvm.dll
0x00007ffc1dfe0000 - 0x00007ffc1e091000 	C:\Windows\System32\ADVAPI32.dll
0x00007ffc1dec0000 - 0x00007ffc1df5f000 	C:\Windows\System32\sechost.dll
0x00007ffc1f300000 - 0x00007ffc1f423000 	C:\Windows\System32\RPCRT4.dll
0x00007ffc1db50000 - 0x00007ffc1db77000 	C:\Windows\System32\bcrypt.dll
0x00007ffc1d1e0000 - 0x00007ffc1d22b000 	C:\Windows\SYSTEM32\POWRPROF.dll
0x00007ffc09c30000 - 0x00007ffc09c39000 	C:\Windows\SYSTEM32\WSOCK32.dll
0x00007ffc0d8d0000 - 0x00007ffc0d8f7000 	C:\Windows\SYSTEM32\WINMM.dll
0x00007ffc1c0d0000 - 0x00007ffc1c0da000 	C:\Windows\SYSTEM32\VERSION.dll
0x00007ffc1f8e0000 - 0x00007ffc1f94b000 	C:\Windows\System32\WS2_32.dll
0x00007ffc1d1c0000 - 0x00007ffc1d1d2000 	C:\Windows\SYSTEM32\UMPDC.dll
0x00007ffc1c090000 - 0x00007ffc1c0a2000 	C:\Windows\SYSTEM32\kernel.appcore.dll
0x00007ffc1b020000 - 0x00007ffc1b02a000 	C:\Program Files\Unity\Hub\Editor\6000.1.3f1\Editor\Data\PlaybackEngines\AndroidPlayer\OpenJDK\bin\jimage.dll
0x00007ffc1add0000 - 0x00007ffc1afd1000 	C:\Windows\SYSTEM32\DBGHELP.DLL
0x00007ffc144b0000 - 0x00007ffc144e4000 	C:\Windows\SYSTEM32\dbgcore.DLL
0x00007ffc1d670000 - 0x00007ffc1d6f2000 	C:\Windows\System32\bcryptPrimitives.dll
0x00007ffc1aff0000 - 0x00007ffc1b015000 	C:\Program Files\Unity\Hub\Editor\6000.1.3f1\Editor\Data\PlaybackEngines\AndroidPlayer\OpenJDK\bin\java.dll

dbghelp: loaded successfully - version: 4.0.5 - missing functions: none
symbol engine: initialized successfully - sym options: 0x614 - pdb path: .;C:\Program Files\Unity\Hub\Editor\6000.1.3f1\Editor\Data\PlaybackEngines\AndroidPlayer\OpenJDK\bin;C:\Windows\SYSTEM32;C:\Windows\WinSxS\amd64_microsoft.windows.common-controls_6595b64144ccf1df_6.0.19041.5915_none_60b4b9d171f9c7c7;C:\Program Files\Unity\Hub\Editor\6000.1.3f1\Editor\Data\PlaybackEngines\AndroidPlayer\OpenJDK\bin\server

VM Arguments:
java_command: <unknown>
java_class_path (initial): <not set>
Launcher Type: SUN_STANDARD

[Global flags]
     intx CICompilerCount                          = 12                                        {product} {ergonomic}
     uint ConcGCThreads                            = 3                                         {product} {ergonomic}
     uint G1ConcRefinementThreads                  = 13                                        {product} {ergonomic}
   size_t G1HeapRegionSize                         = 2097152                                   {product} {ergonomic}
    uintx GCDrainStackTargetSize                   = 64                                        {product} {ergonomic}
   size_t InitialHeapSize                          = 165675008                                 {product} {ergonomic}
   size_t MarkStackSize                            = 4194304                                   {product} {ergonomic}
   size_t MaxHeapSize                              = 2644508672                                {product} {ergonomic}
   size_t MinHeapDeltaBytes                        = 2097152                                   {product} {ergonomic}
   size_t MinHeapSize                              = 8388608                                   {product} {ergonomic}
    uintx NonNMethodCodeHeapSize                   = 7602480                                {pd product} {ergonomic}
    uintx NonProfiledCodeHeapSize                  = 122027880                              {pd product} {ergonomic}
    uintx ProfiledCodeHeapSize                     = 122027880                              {pd product} {ergonomic}
    uintx ReservedCodeCacheSize                    = 251658240                              {pd product} {ergonomic}
     bool SegmentedCodeCache                       = true                                      {product} {ergonomic}
   size_t SoftMaxHeapSize                          = 2644508672                             {manageable} {ergonomic}
     bool UseCompressedClassPointers               = true                           {product lp64_product} {ergonomic}
     bool UseCompressedOops                        = true                           {product lp64_product} {ergonomic}
     bool UseG1GC                                  = true                                      {product} {ergonomic}
     bool UseLargePagesIndividualAllocation        = false                                  {pd product} {ergonomic}

Logging:
Log output configuration:
 #0: stdout all=warning uptime,level,tags
 #1: stderr all=off uptime,level,tags

Environment Variables:
JAVA_HOME=C:\Program Files\Unity\Hub\Editor\6000.1.3f1\Editor\Data\PlaybackEngines\AndroidPlayer\OpenJDK
PATH=C:\Program Files\Common Files\Oracle\Java\javapath;C:\Windows\system32;C:\Windows;C:\Windows\System32\Wbem;C:\Windows\System32\WindowsPowerShell\v1.0\;C:\Windows\System32\OpenSSH\;C:\Users\Luke\AppData\Local\Programs\Python\Python310\Scripts;C:\Program Files\Java\jdk-17\bin;C:\Program Files (x86)\Microsoft SQL Server\160\Tools\Binn\;C:\Program Files\Microsoft SQL Server\160\Tools\Binn\;C:\Program Files\Microsoft SQL Server\Client SDK\ODBC\170\Tools\Binn\;C:\Program Files\Microsoft SQL Server\160\DTS\Binn\;C:\Program Files\Microsoft SQL Server\150\Tools\Binn\;C:\Program Files\Git\cmd;C:\Program Files\Go\bin;C:\Program Files (x86)\Gpg4win\..\GnuPG\bin;C:\Program Files\Elixir\bin;C:\Program Files\Erlang OTP\bin;C:\Program Files\dotnet\;C:\Program Files (x86)\Windows Kits\10\Windows Performance Toolkit\;C:\Program Files\Elixir\bin;C:\Program Files\Erlang OTP\bin;C:\Users\Luke\AppData\Local\Microsoft\WindowsApps;C:\Users\Luke\AppData\Local\Programs\Microsoft VS Code\bin;C:\Users\Luke\AppData\Local\Microsoft\WinGet\Packages\Hugo.Hugo.Extended_Microsoft.Winget.Source_8wekyb3d8bbwe;C:\Users\Luke\go\bin;C:\Program Files\WGET;C:\Users\Luke\.dotnet\tools
USERNAME=Luke
OS=Windows_NT
PROCESSOR_IDENTIFIER=AMD64 Family 23 Model 104 Stepping 1, AuthenticAMD
TMP=C:\Users\Luke\AppData\Local\Temp
TEMP=C:\Users\Luke\AppData\Local\Temp



Periodic native trim disabled


---------------  S Y S T E M  ---------------

OS:
 Windows 10 , 64 bit Build 19041 (10.0.19041.5915)
OS uptime: 12 days 17:45 hours

CPU: total 16 (initial active 16) (16 cores per cpu, 2 threads per core) family 23 model 104 stepping 1 microcode 0x0, cx8, cmov, fxsr, ht, mmx, 3dnowpref, sse, sse2, sse3, ssse3, sse4a, sse4.1, sse4.2, popcnt, lzcnt, tsc, tscinvbit, avx, avx2, aes, clmul, bmi1, bmi2, adx, sha, fma, vzeroupper, clflush, clflushopt
Processor Information for all 16 processors :
  Max Mhz: 1801, Current Mhz: 1801, Mhz Limit: 1801

Memory: 4k page, system-wide physical 10085M (151M free)
TotalPageFile size 40805M (AvailPageFile size 81M)
current process WorkingSet (physical memory assigned to process): 10M, peak: 10M
current process commit charge ("private bytes"): 70M, peak: 228M

vm_info: OpenJDK 64-Bit Server VM (17.0.9+9) for windows-amd64 JRE (17.0.9+9), built on Oct 26 2023 14:01:42 by "admin" with MS VC++ 16.10 / 16.11 (VS2019)

END.
